11:00:56 **** Build of project axi_gpio_bsp ****
make -k all 
"Running Make include in psu_cortexa53_0/libsrc/avbuf_v2_2/src"
D:/Xilinx2018p3/SDK/2018.3/gnuwin/bin/make -C psu_cortexa53_0/libsrc/avbuf_v2_2/src -s include  "SHELL=CMD" "COMPILER=aarch64-none-elf-gcc" "ARCHIVER=aarch64-none-elf-ar" "COMPILER_FLAGS=  -O2 -c" "EXTRA_COMPILER_FLAGS=-g -Wall -Wextra"
"Running Make include in psu_cortexa53_0/libsrc/axipmon_v6_7/src"
D:/Xilinx2018p3/SDK/2018.3/gnuwin/bin/make -C psu_cortexa53_0/libsrc/axipmon_v6_7/src -s include  "SHELL=CMD" "COMPILER=aarch64-none-elf-gcc" "ARCHIVER=aarch64-none-elf-ar" "COMPILER_FLAGS=  -O2 -c" "EXTRA_COMPILER_FLAGS=-g -Wall -Wextra"
"Running Make include in psu_cortexa53_0/libsrc/canps_v3_2/src"
D:/Xilinx2018p3/SDK/2018.3/gnuwin/bin/make -C psu_cortexa53_0/libsrc/canps_v3_2/src -s include  "SHELL=CMD" "COMPILER=aarch64-none-elf-gcc" "ARCHIVER=aarch64-none-elf-ar" "COMPILER_FLAGS=  -O2 -c" "EXTRA_COMPILER_FLAGS=-g -Wall -Wextra"
"Running Make include in psu_cortexa53_0/libsrc/clockps_v1_0/src"
D:/Xilinx2018p3/SDK/2018.3/gnuwin/bin/make -C psu_cortexa53_0/libsrc/clockps_v1_0/src -s include  "SHELL=CMD" "COMPILER=aarch64-none-elf-gcc" "ARCHIVER=aarch64-none-elf-ar" "COMPILER_FLAGS=  -O2 -c" "EXTRA_COMPILER_FLAGS=-g -Wall -Wextra"
"Running Make include in psu_cortexa53_0/libsrc/coresightps_dcc_v1_4/src"
D:/Xilinx2018p3/SDK/2018.3/gnuwin/bin/make -C psu_cortexa53_0/libsrc/coresightps_dcc_v1_4/src -s include  "SHELL=CMD" "COMPILER=aarch64-none-elf-gcc" "ARCHIVER=aarch64-none-elf-ar" "COMPILER_FLAGS=  -O2 -c" "EXTRA_COMPILER_FLAGS=-g -Wall -Wextra"
"Running Make include in psu_cortexa53_0/libsrc/cpu_cortexa53_v1_5/src"
D:/Xilinx2018p3/SDK/2018.3/gnuwin/bin/make -C psu_cortexa53_0/libsrc/cpu_cortexa53_v1_5/src -s include  "SHELL=CMD" "COMPILER=aarch64-none-elf-gcc" "ARCHIVER=aarch64-none-elf-ar" "COMPILER_FLAGS=  -O2 -c" "EXTRA_COMPILER_FLAGS=-g -Wall -Wextra"
"Running Make include in psu_cortexa53_0/libsrc/csudma_v1_3/src"
D:/Xilinx2018p3/SDK/2018.3/gnuwin/bin/make -C psu_cortexa53_0/libsrc/csudma_v1_3/src -s include  "SHELL=CMD" "COMPILER=aarch64-none-elf-gcc" "ARCHIVER=aarch64-none-elf-ar" "COMPILER_FLAGS=  -O2 -c" "EXTRA_COMPILER_FLAGS=-g -Wall -Wextra"
"Running Make include in psu_cortexa53_0/libsrc/ddrcpsu_v1_1/src"
D:/Xilinx2018p3/SDK/2018.3/gnuwin/bin/make -C psu_cortexa53_0/libsrc/ddrcpsu_v1_1/src -s include  "SHELL=CMD" "COMPILER=aarch64-none-elf-gcc" "ARCHIVER=aarch64-none-elf-ar" "COMPILER_FLAGS=  -O2 -c" "EXTRA_COMPILER_FLAGS=-g -Wall -Wextra"
"Running Make include in psu_cortexa53_0/libsrc/dpdma_v1_1/src"
D:/Xilinx2018p3/SDK/2018.3/gnuwin/bin/make -C psu_cortexa53_0/libsrc/dpdma_v1_1/src -s include  "SHELL=CMD" "COMPILER=aarch64-none-elf-gcc" "ARCHIVER=aarch64-none-elf-ar" "COMPILER_FLAGS=  -O2 -c" "EXTRA_COMPILER_FLAGS=-g -Wall -Wextra"
"Running Make include in psu_cortexa53_0/libsrc/emacps_v3_8/src"
D:/Xilinx2018p3/SDK/2018.3/gnuwin/bin/make -C psu_cortexa53_0/libsrc/emacps_v3_8/src -s include  "SHELL=CMD" "COMPILER=aarch64-none-elf-gcc" "ARCHIVER=aarch64-none-elf-ar" "COMPILER_FLAGS=  -O2 -c" "EXTRA_COMPILER_FLAGS=-g -Wall -Wextra"
"Running Make include in psu_cortexa53_0/libsrc/gpiops_v3_4/src"
D:/Xilinx2018p3/SDK/2018.3/gnuwin/bin/make -C psu_cortexa53_0/libsrc/gpiops_v3_4/src -s include  "SHELL=CMD" "COMPILER=aarch64-none-elf-gcc" "ARCHIVER=aarch64-none-elf-ar" "COMPILER_FLAGS=  -O2 -c" "EXTRA_COMPILER_FLAGS=-g -Wall -Wextra"
"Running Make include in psu_cortexa53_0/libsrc/gpio_v4_3/src"
D:/Xilinx2018p3/SDK/2018.3/gnuwin/bin/make -C psu_cortexa53_0/libsrc/gpio_v4_3/src -s include  "SHELL=CMD" "COMPILER=aarch64-none-elf-gcc" "ARCHIVER=aarch64-none-elf-ar" "COMPILER_FLAGS=  -O2 -c" "EXTRA_COMPILER_FLAGS=-g -Wall -Wextra"
"Running Make include in psu_cortexa53_0/libsrc/iicps_v3_8/src"
D:/Xilinx2018p3/SDK/2018.3/gnuwin/bin/make -C psu_cortexa53_0/libsrc/iicps_v3_8/src -s include  "SHELL=CMD" "COMPILER=aarch64-none-elf-gcc" "ARCHIVER=aarch64-none-elf-ar" "COMPILER_FLAGS=  -O2 -c" "EXTRA_COMPILER_FLAGS=-g -Wall -Wextra"
"Running Make include in psu_cortexa53_0/libsrc/ipipsu_v2_4/src"
D:/Xilinx2018p3/SDK/2018.3/gnuwin/bin/make -C psu_cortexa53_0/libsrc/ipipsu_v2_4/src -s include  "SHELL=CMD" "COMPILER=aarch64-none-elf-gcc" "ARCHIVER=aarch64-none-elf-ar" "COMPILER_FLAGS=  -O2 -c" "EXTRA_COMPILER_FLAGS=-g -Wall -Wextra"
"Running Make include in psu_cortexa53_0/libsrc/pciepsu_v1_0/src"
D:/Xilinx2018p3/SDK/2018.3/gnuwin/bin/make -C psu_cortexa53_0/libsrc/pciepsu_v1_0/src -s include  "SHELL=CMD" "COMPILER=aarch64-none-elf-gcc" "ARCHIVER=aarch64-none-elf-ar" "COMPILER_FLAGS=  -O2 -c" "EXTRA_COMPILER_FLAGS=-g -Wall -Wextra"
"Running Make include in psu_cortexa53_0/libsrc/qspipsu_v1_8/src"
D:/Xilinx2018p3/SDK/2018.3/gnuwin/bin/make -C psu_cortexa53_0/libsrc/qspipsu_v1_8/src -s include  "SHELL=CMD" "COMPILER=aarch64-none-elf-gcc" "ARCHIVER=aarch64-none-elf-ar" "COMPILER_FLAGS=  -O2 -c" "EXTRA_COMPILER_FLAGS=-g -Wall -Wextra"
"Running Make include in psu_cortexa53_0/libsrc/resetps_v1_2/src"
D:/Xilinx2018p3/SDK/2018.3/gnuwin/bin/make -C psu_cortexa53_0/libsrc/resetps_v1_2/src -s include  "SHELL=CMD" "COMPILER=aarch64-none-elf-gcc" "ARCHIVER=aarch64-none-elf-ar" "COMPILER_FLAGS=  -O2 -c" "EXTRA_COMPILER_FLAGS=-g -Wall -Wextra"
"Running Make include in psu_cortexa53_0/libsrc/rtcpsu_v1_6/src"
D:/Xilinx2018p3/SDK/2018.3/gnuwin/bin/make -C psu_cortexa53_0/libsrc/rtcpsu_v1_6/src -s include  "SHELL=CMD" "COMPILER=aarch64-none-elf-gcc" "ARCHIVER=aarch64-none-elf-ar" "COMPILER_FLAGS=  -O2 -c" "EXTRA_COMPILER_FLAGS=-g -Wall -Wextra"
"Running Make include in psu_cortexa53_0/libsrc/scugic_v3_10/src"
D:/Xilinx2018p3/SDK/2018.3/gnuwin/bin/make -C psu_cortexa53_0/libsrc/scugic_v3_10/src -s include  "SHELL=CMD" "COMPILER=aarch64-none-elf-gcc" "ARCHIVER=aarch64-none-elf-ar" "COMPILER_FLAGS=  -O2 -c" "EXTRA_COMPILER_FLAGS=-g -Wall -Wextra"
"Running Make include in psu_cortexa53_0/libsrc/sdps_v3_6/src"
D:/Xilinx2018p3/SDK/2018.3/gnuwin/bin/make -C psu_cortexa53_0/libsrc/sdps_v3_6/src -s include  "SHELL=CMD" "COMPILER=aarch64-none-elf-gcc" "ARCHIVER=aarch64-none-elf-ar" "COMPILER_FLAGS=  -O2 -c" "EXTRA_COMPILER_FLAGS=-g -Wall -Wextra"
"Running Make include in psu_cortexa53_0/libsrc/standalone_v6_8/src"
D:/Xilinx2018p3/SDK/2018.3/gnuwin/bin/make -C psu_cortexa53_0/libsrc/standalone_v6_8/src -s include  "SHELL=CMD" "COMPILER=aarch64-none-elf-gcc" "ARCHIVER=aarch64-none-elf-ar" "COMPILER_FLAGS=  -O2 -c" "EXTRA_COMPILER_FLAGS=-g -Wall -Wextra"
"Running Make include in psu_cortexa53_0/libsrc/sysmonpsu_v2_5/src"
D:/Xilinx2018p3/SDK/2018.3/gnuwin/bin/make -C psu_cortexa53_0/libsrc/sysmonpsu_v2_5/src -s include  "SHELL=CMD" "COMPILER=aarch64-none-elf-gcc" "ARCHIVER=aarch64-none-elf-ar" "COMPILER_FLAGS=  -O2 -c" "EXTRA_COMPILER_FLAGS=-g -Wall -Wextra"
"Running Make include in psu_cortexa53_0/libsrc/ttcps_v3_7/src"
D:/Xilinx2018p3/SDK/2018.3/gnuwin/bin/make -C psu_cortexa53_0/libsrc/ttcps_v3_7/src -s include  "SHELL=CMD" "COMPILER=aarch64-none-elf-gcc" "ARCHIVER=aarch64-none-elf-ar" "COMPILER_FLAGS=  -O2 -c" "EXTRA_COMPILER_FLAGS=-g -Wall -Wextra"
"Running Make include in psu_cortexa53_0/libsrc/uartps_v3_7/src"
D:/Xilinx2018p3/SDK/2018.3/gnuwin/bin/make -C psu_cortexa53_0/libsrc/uartps_v3_7/src -s include  "SHELL=CMD" "COMPILER=aarch64-none-elf-gcc" "ARCHIVER=aarch64-none-elf-ar" "COMPILER_FLAGS=  -O2 -c" "EXTRA_COMPILER_FLAGS=-g -Wall -Wextra"
"Running Make include in psu_cortexa53_0/libsrc/usbpsu_v1_4/src"
D:/Xilinx2018p3/SDK/2018.3/gnuwin/bin/make -C psu_cortexa53_0/libsrc/usbpsu_v1_4/src -s include  "SHELL=CMD" "COMPILER=aarch64-none-elf-gcc" "ARCHIVER=aarch64-none-elf-ar" "COMPILER_FLAGS=  -O2 -c" "EXTRA_COMPILER_FLAGS=-g -Wall -Wextra"
"Running Make include in psu_cortexa53_0/libsrc/video_common_v4_5/src"
D:/Xilinx2018p3/SDK/2018.3/gnuwin/bin/make -C psu_cortexa53_0/libsrc/video_common_v4_5/src -s include  "SHELL=CMD" "COMPILER=aarch64-none-elf-gcc" "ARCHIVER=aarch64-none-elf-ar" "COMPILER_FLAGS=  -O2 -c" "EXTRA_COMPILER_FLAGS=-g -Wall -Wextra"
"Running Make include in psu_cortexa53_0/libsrc/wdtps_v3_1/src"
D:/Xilinx2018p3/SDK/2018.3/gnuwin/bin/make -C psu_cortexa53_0/libsrc/wdtps_v3_1/src -s include  "SHELL=CMD" "COMPILER=aarch64-none-elf-gcc" "ARCHIVER=aarch64-none-elf-ar" "COMPILER_FLAGS=  -O2 -c" "EXTRA_COMPILER_FLAGS=-g -Wall -Wextra"
"Running Make include in psu_cortexa53_0/libsrc/zdma_v1_6/src"
D:/Xilinx2018p3/SDK/2018.3/gnuwin/bin/make -C psu_cortexa53_0/libsrc/zdma_v1_6/src -s include  "SHELL=CMD" "COMPILER=aarch64-none-elf-gcc" "ARCHIVER=aarch64-none-elf-ar" "COMPILER_FLAGS=  -O2 -c" "EXTRA_COMPILER_FLAGS=-g -Wall -Wextra"
"Running Make libs in psu_cortexa53_0/libsrc/avbuf_v2_2/src"
D:/Xilinx2018p3/SDK/2018.3/gnuwin/bin/make -C psu_cortexa53_0/libsrc/avbuf_v2_2/src -s libs  "SHELL=CMD" "COMPILER=aarch64-none-elf-gcc" "ARCHIVER=aarch64-none-elf-ar" "COMPILER_FLAGS=  -O2 -c" "EXTRA_COMPILER_FLAGS=-g -Wall -Wextra"
"Compiling avbuf"
aarch64-none-elf-ar: creating ../../../lib/libxil.a
"Running Make libs in psu_cortexa53_0/libsrc/axipmon_v6_7/src"
D:/Xilinx2018p3/SDK/2018.3/gnuwin/bin/make -C psu_cortexa53_0/libsrc/axipmon_v6_7/src -s libs  "SHELL=CMD" "COMPILER=aarch64-none-elf-gcc" "ARCHIVER=aarch64-none-elf-ar" "COMPILER_FLAGS=  -O2 -c" "EXTRA_COMPILER_FLAGS=-g -Wall -Wextra"
"Compiling axipmon"
"Running Make libs in psu_cortexa53_0/libsrc/canps_v3_2/src"
D:/Xilinx2018p3/SDK/2018.3/gnuwin/bin/make -C psu_cortexa53_0/libsrc/canps_v3_2/src -s libs  "SHELL=CMD" "COMPILER=aarch64-none-elf-gcc" "ARCHIVER=aarch64-none-elf-ar" "COMPILER_FLAGS=  -O2 -c" "EXTRA_COMPILER_FLAGS=-g -Wall -Wextra"
"Compiling canps"
"Running Make libs in psu_cortexa53_0/libsrc/clockps_v1_0/src"
D:/Xilinx2018p3/SDK/2018.3/gnuwin/bin/make -C psu_cortexa53_0/libsrc/clockps_v1_0/src -s libs  "SHELL=CMD" "COMPILER=aarch64-none-elf-gcc" "ARCHIVER=aarch64-none-elf-ar" "COMPILER_FLAGS=  -O2 -c" "EXTRA_COMPILER_FLAGS=-g -Wall -Wextra"
"Compiling clockps"
"Running Make libs in psu_cortexa53_0/libsrc/coresightps_dcc_v1_4/src"
D:/Xilinx2018p3/SDK/2018.3/gnuwin/bin/make -C psu_cortexa53_0/libsrc/coresightps_dcc_v1_4/src -s libs  "SHELL=CMD" "COMPILER=aarch64-none-elf-gcc" "ARCHIVER=aarch64-none-elf-ar" "COMPILER_FLAGS=  -O2 -c" "EXTRA_COMPILER_FLAGS=-g -Wall -Wextra"
"Compiling coresightps_dcc"
"Running Make libs in psu_cortexa53_0/libsrc/cpu_cortexa53_v1_5/src"
D:/Xilinx2018p3/SDK/2018.3/gnuwin/bin/make -C psu_cortexa53_0/libsrc/cpu_cortexa53_v1_5/src -s libs  "SHELL=CMD" "COMPILER=aarch64-none-elf-gcc" "ARCHIVER=aarch64-none-elf-ar" "COMPILER_FLAGS=  -O2 -c" "EXTRA_COMPILER_FLAGS=-g -Wall -Wextra"
"Compiling cpu_cortexa53"
"Running Make libs in psu_cortexa53_0/libsrc/csudma_v1_3/src"
D:/Xilinx2018p3/SDK/2018.3/gnuwin/bin/make -C psu_cortexa53_0/libsrc/csudma_v1_3/src -s libs  "SHELL=CMD" "COMPILER=aarch64-none-elf-gcc" "ARCHIVER=aarch64-none-elf-ar" "COMPILER_FLAGS=  -O2 -c" "EXTRA_COMPILER_FLAGS=-g -Wall -Wextra"
"Compiling csudma"
"Running Make libs in psu_cortexa53_0/libsrc/ddrcpsu_v1_1/src"
D:/Xilinx2018p3/SDK/2018.3/gnuwin/bin/make -C psu_cortexa53_0/libsrc/ddrcpsu_v1_1/src -s libs  "SHELL=CMD" "COMPILER=aarch64-none-elf-gcc" "ARCHIVER=aarch64-none-elf-ar" "COMPILER_FLAGS=  -O2 -c" "EXTRA_COMPILER_FLAGS=-g -Wall -Wextra"
"Compiling ddrcpsu"
"Running Make libs in psu_cortexa53_0/libsrc/dpdma_v1_1/src"
D:/Xilinx2018p3/SDK/2018.3/gnuwin/bin/make -C psu_cortexa53_0/libsrc/dpdma_v1_1/src -s libs  "SHELL=CMD" "COMPILER=aarch64-none-elf-gcc" "ARCHIVER=aarch64-none-elf-ar" "COMPILER_FLAGS=  -O2 -c" "EXTRA_COMPILER_FLAGS=-g -Wall -Wextra"
"Compiling dpdma"
"Running Make libs in psu_cortexa53_0/libsrc/emacps_v3_8/src"
D:/Xilinx2018p3/SDK/2018.3/gnuwin/bin/make -C psu_cortexa53_0/libsrc/emacps_v3_8/src -s libs  "SHELL=CMD" "COMPILER=aarch64-none-elf-gcc" "ARCHIVER=aarch64-none-elf-ar" "COMPILER_FLAGS=  -O2 -c" "EXTRA_COMPILER_FLAGS=-g -Wall -Wextra"
"Compiling emacps"
"Running Make libs in psu_cortexa53_0/libsrc/gpiops_v3_4/src"
D:/Xilinx2018p3/SDK/2018.3/gnuwin/bin/make -C psu_cortexa53_0/libsrc/gpiops_v3_4/src -s libs  "SHELL=CMD" "COMPILER=aarch64-none-elf-gcc" "ARCHIVER=aarch64-none-elf-ar" "COMPILER_FLAGS=  -O2 -c" "EXTRA_COMPILER_FLAGS=-g -Wall -Wextra"
"Compiling gpiops"
"Running Make libs in psu_cortexa53_0/libsrc/gpio_v4_3/src"
D:/Xilinx2018p3/SDK/2018.3/gnuwin/bin/make -C psu_cortexa53_0/libsrc/gpio_v4_3/src -s libs  "SHELL=CMD" "COMPILER=aarch64-none-elf-gcc" "ARCHIVER=aarch64-none-elf-ar" "COMPILER_FLAGS=  -O2 -c" "EXTRA_COMPILER_FLAGS=-g -Wall -Wextra"
"Compiling gpio"
"Running Make libs in psu_cortexa53_0/libsrc/iicps_v3_8/src"
D:/Xilinx2018p3/SDK/2018.3/gnuwin/bin/make -C psu_cortexa53_0/libsrc/iicps_v3_8/src -s libs  "SHELL=CMD" "COMPILER=aarch64-none-elf-gcc" "ARCHIVER=aarch64-none-elf-ar" "COMPILER_FLAGS=  -O2 -c" "EXTRA_COMPILER_FLAGS=-g -Wall -Wextra"
"Compiling iicps"
"Running Make libs in psu_cortexa53_0/libsrc/ipipsu_v2_4/src"
D:/Xilinx2018p3/SDK/2018.3/gnuwin/bin/make -C psu_cortexa53_0/libsrc/ipipsu_v2_4/src -s libs  "SHELL=CMD" "COMPILER=aarch64-none-elf-gcc" "ARCHIVER=aarch64-none-elf-ar" "COMPILER_FLAGS=  -O2 -c" "EXTRA_COMPILER_FLAGS=-g -Wall -Wextra"
"Compiling ipipsu"
"Running Make libs in psu_cortexa53_0/libsrc/pciepsu_v1_0/src"
D:/Xilinx2018p3/SDK/2018.3/gnuwin/bin/make -C psu_cortexa53_0/libsrc/pciepsu_v1_0/src -s libs  "SHELL=CMD" "COMPILER=aarch64-none-elf-gcc" "ARCHIVER=aarch64-none-elf-ar" "COMPILER_FLAGS=  -O2 -c" "EXTRA_COMPILER_FLAGS=-g -Wall -Wextra"
"Compiling pciepsu"
"Running Make libs in psu_cortexa53_0/libsrc/qspipsu_v1_8/src"
D:/Xilinx2018p3/SDK/2018.3/gnuwin/bin/make -C psu_cortexa53_0/libsrc/qspipsu_v1_8/src -s libs  "SHELL=CMD" "COMPILER=aarch64-none-elf-gcc" "ARCHIVER=aarch64-none-elf-ar" "COMPILER_FLAGS=  -O2 -c" "EXTRA_COMPILER_FLAGS=-g -Wall -Wextra"
"Compiling qspipsu"
"Running Make libs in psu_cortexa53_0/libsrc/resetps_v1_2/src"
D:/Xilinx2018p3/SDK/2018.3/gnuwin/bin/make -C psu_cortexa53_0/libsrc/resetps_v1_2/src -s libs  "SHELL=CMD" "COMPILER=aarch64-none-elf-gcc" "ARCHIVER=aarch64-none-elf-ar" "COMPILER_FLAGS=  -O2 -c" "EXTRA_COMPILER_FLAGS=-g -Wall -Wextra"
"Compiling resetps"
"Running Make libs in psu_cortexa53_0/libsrc/rtcpsu_v1_6/src"
D:/Xilinx2018p3/SDK/2018.3/gnuwin/bin/make -C psu_cortexa53_0/libsrc/rtcpsu_v1_6/src -s libs  "SHELL=CMD" "COMPILER=aarch64-none-elf-gcc" "ARCHIVER=aarch64-none-elf-ar" "COMPILER_FLAGS=  -O2 -c" "EXTRA_COMPILER_FLAGS=-g -Wall -Wextra"
"Compiling rtcpsu"
"Running Make libs in psu_cortexa53_0/libsrc/scugic_v3_10/src"
D:/Xilinx2018p3/SDK/2018.3/gnuwin/bin/make -C psu_cortexa53_0/libsrc/scugic_v3_10/src -s libs  "SHELL=CMD" "COMPILER=aarch64-none-elf-gcc" "ARCHIVER=aarch64-none-elf-ar" "COMPILER_FLAGS=  -O2 -c" "EXTRA_COMPILER_FLAGS=-g -Wall -Wextra"
"Compiling scugic"
"Running Make libs in psu_cortexa53_0/libsrc/sdps_v3_6/src"
D:/Xilinx2018p3/SDK/2018.3/gnuwin/bin/make -C psu_cortexa53_0/libsrc/sdps_v3_6/src -s libs  "SHELL=CMD" "COMPILER=aarch64-none-elf-gcc" "ARCHIVER=aarch64-none-elf-ar" "COMPILER_FLAGS=  -O2 -c" "EXTRA_COMPILER_FLAGS=-g -Wall -Wextra"
"Compiling sdps"
"Running Make libs in psu_cortexa53_0/libsrc/standalone_v6_8/src"
D:/Xilinx2018p3/SDK/2018.3/gnuwin/bin/make -C psu_cortexa53_0/libsrc/standalone_v6_8/src -s libs  "SHELL=CMD" "COMPILER=aarch64-none-elf-gcc" "ARCHIVER=aarch64-none-elf-ar" "COMPILER_FLAGS=  -O2 -c" "EXTRA_COMPILER_FLAGS=-g -Wall -Wextra"
"Compiling standalone A53"
In file included from xil_sleeptimer.c:51:0:
xtime_l.h:77:9: note: #pragma message: For the sleep routines, Global timer is being used
 #pragma message ("For the sleep routines, Global timer is being used")
         ^~~~~~~
In file included from xtime_l.c:52:0:
xtime_l.h:77:9: note: #pragma message: For the sleep routines, Global timer is being used
 #pragma message ("For the sleep routines, Global timer is being used")
         ^~~~~~~
In file included from sleep.c:59:0:
xtime_l.h:77:9: note: #pragma message: For the sleep routines, Global timer is being used
 #pragma message ("For the sleep routines, Global timer is being used")
         ^~~~~~~
"Running Make libs in psu_cortexa53_0/libsrc/sysmonpsu_v2_5/src"
D:/Xilinx2018p3/SDK/2018.3/gnuwin/bin/make -C psu_cortexa53_0/libsrc/sysmonpsu_v2_5/src -s libs  "SHELL=CMD" "COMPILER=aarch64-none-elf-gcc" "ARCHIVER=aarch64-none-elf-ar" "COMPILER_FLAGS=  -O2 -c" "EXTRA_COMPILER_FLAGS=-g -Wall -Wextra"
"Compiling sysmonpsu"
"Running Make libs in psu_cortexa53_0/libsrc/ttcps_v3_7/src"
D:/Xilinx2018p3/SDK/2018.3/gnuwin/bin/make -C psu_cortexa53_0/libsrc/ttcps_v3_7/src -s libs  "SHELL=CMD" "COMPILER=aarch64-none-elf-gcc" "ARCHIVER=aarch64-none-elf-ar" "COMPILER_FLAGS=  -O2 -c" "EXTRA_COMPILER_FLAGS=-g -Wall -Wextra"
"Compiling ttcps"
"Running Make libs in psu_cortexa53_0/libsrc/uartps_v3_7/src"
D:/Xilinx2018p3/SDK/2018.3/gnuwin/bin/make -C psu_cortexa53_0/libsrc/uartps_v3_7/src -s libs  "SHELL=CMD" "COMPILER=aarch64-none-elf-gcc" "ARCHIVER=aarch64-none-elf-ar" "COMPILER_FLAGS=  -O2 -c" "EXTRA_COMPILER_FLAGS=-g -Wall -Wextra"
"Compiling uartps"
"Running Make libs in psu_cortexa53_0/libsrc/usbpsu_v1_4/src"
D:/Xilinx2018p3/SDK/2018.3/gnuwin/bin/make -C psu_cortexa53_0/libsrc/usbpsu_v1_4/src -s libs  "SHELL=CMD" "COMPILER=aarch64-none-elf-gcc" "ARCHIVER=aarch64-none-elf-ar" "COMPILER_FLAGS=  -O2 -c" "EXTRA_COMPILER_FLAGS=-g -Wall -Wextra"
"Compiling usbpsu"
"Running Make libs in psu_cortexa53_0/libsrc/video_common_v4_5/src"
D:/Xilinx2018p3/SDK/2018.3/gnuwin/bin/make -C psu_cortexa53_0/libsrc/video_common_v4_5/src -s libs  "SHELL=CMD" "COMPILER=aarch64-none-elf-gcc" "ARCHIVER=aarch64-none-elf-ar" "COMPILER_FLAGS=  -O2 -c" "EXTRA_COMPILER_FLAGS=-g -Wall -Wextra"
"Compiling video_common"
"Running Make libs in psu_cortexa53_0/libsrc/wdtps_v3_1/src"
D:/Xilinx2018p3/SDK/2018.3/gnuwin/bin/make -C psu_cortexa53_0/libsrc/wdtps_v3_1/src -s libs  "SHELL=CMD" "COMPILER=aarch64-none-elf-gcc" "ARCHIVER=aarch64-none-elf-ar" "COMPILER_FLAGS=  -O2 -c" "EXTRA_COMPILER_FLAGS=-g -Wall -Wextra"
"Compiling wdtps"
"Running Make libs in psu_cortexa53_0/libsrc/zdma_v1_6/src"
D:/Xilinx2018p3/SDK/2018.3/gnuwin/bin/make -C psu_cortexa53_0/libsrc/zdma_v1_6/src -s libs  "SHELL=CMD" "COMPILER=aarch64-none-elf-gcc" "ARCHIVER=aarch64-none-elf-ar" "COMPILER_FLAGS=  -O2 -c" "EXTRA_COMPILER_FLAGS=-g -Wall -Wextra"
"Compiling zdma"
'Finished building libraries'

**** Build of configuration Debug for project axi_gpio ****

Nothing to build for project axi_gpio
11:01:53 **** Auto Build of configuration Debug for project axi_gpio ****
make all 
Building file: ../src/a.c
Invoking: ARM v8 gcc compiler
aarch64-none-elf-gcc -Wall -O0 -g3 -c -fmessage-length=0 -MT"src/a.o" -I../../axi_gpio_bsp/psu_cortexa53_0/include -MMD -MP -MF"src/a.d" -MT"src/a.o" -o "src/a.o" "../src/a.c"
Finished building: ../src/a.c
 
Building target: axi_gpio.elf
Invoking: ARM v8 gcc linker
aarch64-none-elf-gcc -Wl,-T -Wl,../src/lscript.ld -L../../axi_gpio_bsp/psu_cortexa53_0/lib -o "axi_gpio.elf"  ./src/a.o   -Wl,--start-group,-lxil,-lgcc,-lc,--end-group
d:/xilinx2018p3/sdk/2018.3/gnu/aarch64/nt/aarch64-none/bin/../aarch64-none-elf/libc/usr/lib/crt0.o: In function `_start':
/proj/esdt_sdk/gnu_abe/ABE/builds/lin/arm/arm-linux/snapshots/newlib-newlib-2_4_0/libgloss/aarch64/crt0.S:219: undefined reference to `main'
../../axi_gpio_bsp/psu_cortexa53_0/lib\libxil.a(xil-crt0.o): In function `_startup':
E:\test\project_2\project_2.sdk\axi_gpio_bsp\psu_cortexa53_0\libsrc\standalone_v6_8\src/xil-crt0.S:129: undefined reference to `main'
collect2.exe: error: ld returned 1 exit status
make: *** [makefile:38: axi_gpio.elf] Error 1
11:04:41 **** Auto Build of configuration Debug for project axi_gpio ****
make all 
Building file: ../src/a.c
Invoking: ARM v8 gcc compiler
aarch64-none-elf-gcc -Wall -O0 -g3 -c -fmessage-length=0 -MT"src/a.o" -I../../axi_gpio_bsp/psu_cortexa53_0/include -MMD -MP -MF"src/a.d" -MT"src/a.o" -o "src/a.o" "../src/a.c"
../src/a.c: In function 'main':
../src/a.c:37:1: warning: implicit declaration of function 'printf' [-Wimplicit-function-declaration]
 printf("AXI GPIO INTERRUPT TEST!\n");
 ^~~~~~
../src/a.c:37:1: warning: incompatible implicit declaration of built-in function 'printf'
../src/a.c:37:1: note: include '<stdio.h>' or provide a declaration of 'printf'
Finished building: ../src/a.c
 
Building target: axi_gpio.elf
Invoking: ARM v8 gcc linker
aarch64-none-elf-gcc -Wl,-T -Wl,../src/lscript.ld -L../../axi_gpio_bsp/psu_cortexa53_0/lib -o "axi_gpio.elf"  ./src/a.o   -Wl,--start-group,-lxil,-lgcc,-lc,--end-group
Finished building target: axi_gpio.elf
 
Invoking: ARM v8 Print Size
aarch64-none-elf-size axi_gpio.elf  |tee "axi_gpio.elf.size"
   text	   data	    bss	    dec	    hex	filename
  55416	   7608	  20848	  83872	  147a0	axi_gpio.elf
Finished building: axi_gpio.elf.size
 
11:05:12 **** Auto Build of configuration Debug for project axi_gpio ****
make all 
Building file: ../src/a.c
Invoking: ARM v8 gcc compiler
aarch64-none-elf-gcc -Wall -O0 -g3 -c -fmessage-length=0 -MT"src/a.o" -I../../axi_gpio_bsp/psu_cortexa53_0/include -MMD -MP -MF"src/a.d" -MT"src/a.o" -o "src/a.o" "../src/a.c"
Finished building: ../src/a.c
 
Building target: axi_gpio.elf
Invoking: ARM v8 gcc linker
aarch64-none-elf-gcc -Wl,-T -Wl,../src/lscript.ld -L../../axi_gpio_bsp/psu_cortexa53_0/lib -o "axi_gpio.elf"  ./src/a.o   -Wl,--start-group,-lxil,-lgcc,-lc,--end-group
Finished building target: axi_gpio.elf
 
Invoking: ARM v8 Print Size
aarch64-none-elf-size axi_gpio.elf  |tee "axi_gpio.elf.size"
   text	   data	    bss	    dec	    hex	filename
  55416	   7608	  20848	  83872	  147a0	axi_gpio.elf
Finished building: axi_gpio.elf.size
 
11:06:12 **** Auto Build of configuration Debug for project axi_gpio ****
make all 
Building file: ../src/a.c
Invoking: ARM v8 gcc compiler
aarch64-none-elf-gcc -Wall -O0 -g3 -c -fmessage-length=0 -MT"src/a.o" -I../../axi_gpio_bsp/psu_cortexa53_0/include -MMD -MP -MF"src/a.d" -MT"src/a.o" -o "src/a.o" "../src/a.c"
Finished building: ../src/a.c
 
Building target: axi_gpio.elf
Invoking: ARM v8 gcc linker
aarch64-none-elf-gcc -Wl,-T -Wl,../src/lscript.ld -L../../axi_gpio_bsp/psu_cortexa53_0/lib -o "axi_gpio.elf"  ./src/a.o   -Wl,--start-group,-lxil,-lgcc,-lc,--end-group
Finished building target: axi_gpio.elf
 
Invoking: ARM v8 Print Size
aarch64-none-elf-size axi_gpio.elf  |tee "axi_gpio.elf.size"
   text	   data	    bss	    dec	    hex	filename
  55416	   7608	  20848	  83872	  147a0	axi_gpio.elf
Finished building: axi_gpio.elf.size
 
11:06:20 **** Incremental Build of configuration Debug for project axi_gpio ****
make all 
make: Nothing to be done for 'all'.
11:06:35 **** Incremental Build of configuration Debug for project axi_gpio ****
make all 
make: Nothing to be done for 'all'.
11:13:10 **** Incremental Build of configuration Debug for project axi_gpio ****
make all 
make: Nothing to be done for 'all'.
